src/components/interactive/walkable-environment.tsx(4,34): error TS2307: Cannot find module '@react-three/fiber' or its corresponding type declarations.
src/components/interactive/walkable-environment.tsx(5,71): error TS2307: Cannot find module '@react-three/drei' or its corresponding type declarations.
src/components/interactive/walkable-environment.tsx(6,24): error TS2307: Cannot find module 'three' or its corresponding type declarations.
src/components/interactive/walkable-environment.tsx(69,15): error TS7006: Parameter 'state' implicitly has an 'any' type.
src/components/interactive/walkable-environment.tsx(69,22): error TS7006: Parameter 'delta' implicitly has an 'any' type.
src/components/interactive/walkable-environment.tsx(98,9): error TS2339: Property 'group' does not exist on type 'JSX.IntrinsicElements'.
src/components/interactive/walkable-environment.tsx(100,13): error TS2339: Property 'mesh' does not exist on type 'JSX.IntrinsicElements'.
src/components/interactive/walkable-environment.tsx(101,17): error TS2339: Property 'boxGeometry' does not exist on type 'JSX.IntrinsicElements'.
src/components/interactive/walkable-environment.tsx(102,17): error TS2339: Property 'meshStandardMaterial' does not exist on type 'JSX.IntrinsicElements'.
src/components/interactive/walkable-environment.tsx(103,13): error TS2339: Property 'mesh' does not exist on type 'JSX.IntrinsicElements'.
src/components/interactive/walkable-environment.tsx(105,13): error TS2339: Property 'mesh' does not exist on type 'JSX.IntrinsicElements'.
src/components/interactive/walkable-environment.tsx(106,17): error TS2339: Property 'boxGeometry' does not exist on type 'JSX.IntrinsicElements'.
src/components/interactive/walkable-environment.tsx(107,17): error TS2339: Property 'meshStandardMaterial' does not exist on type 'JSX.IntrinsicElements'.
src/components/interactive/walkable-environment.tsx(108,13): error TS2339: Property 'mesh' does not exist on type 'JSX.IntrinsicElements'.
src/components/interactive/walkable-environment.tsx(110,13): error TS2339: Property 'mesh' does not exist on type 'JSX.IntrinsicElements'.
src/components/interactive/walkable-environment.tsx(111,17): error TS2339: Property 'planeGeometry' does not exist on type 'JSX.IntrinsicElements'.
src/components/interactive/walkable-environment.tsx(112,17): error TS2339: Property 'meshStandardMaterial' does not exist on type 'JSX.IntrinsicElements'.
src/components/interactive/walkable-environment.tsx(113,13): error TS2339: Property 'mesh' does not exist on type 'JSX.IntrinsicElements'.
src/components/interactive/walkable-environment.tsx(115,13): error TS2339: Property 'mesh' does not exist on type 'JSX.IntrinsicElements'.
src/components/interactive/walkable-environment.tsx(116,17): error TS2339: Property 'cylinderGeometry' does not exist on type 'JSX.IntrinsicElements'.
src/components/interactive/walkable-environment.tsx(117,17): error TS2339: Property 'meshStandardMaterial' does not exist on type 'JSX.IntrinsicElements'.
src/components/interactive/walkable-environment.tsx(118,13): error TS2339: Property 'mesh' does not exist on type 'JSX.IntrinsicElements'.
src/components/interactive/walkable-environment.tsx(119,13): error TS2339: Property 'mesh' does not exist on type 'JSX.IntrinsicElements'.
src/components/interactive/walkable-environment.tsx(120,17): error TS2339: Property 'cylinderGeometry' does not exist on type 'JSX.IntrinsicElements'.
src/components/interactive/walkable-environment.tsx(121,17): error TS2339: Property 'meshStandardMaterial' does not exist on type 'JSX.IntrinsicElements'.
src/components/interactive/walkable-environment.tsx(122,13): error TS2339: Property 'mesh' does not exist on type 'JSX.IntrinsicElements'.
src/components/interactive/walkable-environment.tsx(123,13): error TS2339: Property 'mesh' does not exist on type 'JSX.IntrinsicElements'.
src/components/interactive/walkable-environment.tsx(124,17): error TS2339: Property 'cylinderGeometry' does not exist on type 'JSX.IntrinsicElements'.
src/components/interactive/walkable-environment.tsx(125,17): error TS2339: Property 'meshStandardMaterial' does not exist on type 'JSX.IntrinsicElements'.
src/components/interactive/walkable-environment.tsx(126,13): error TS2339: Property 'mesh' does not exist on type 'JSX.IntrinsicElements'.
src/components/interactive/walkable-environment.tsx(127,13): error TS2339: Property 'mesh' does not exist on type 'JSX.IntrinsicElements'.
src/components/interactive/walkable-environment.tsx(128,17): error TS2339: Property 'cylinderGeometry' does not exist on type 'JSX.IntrinsicElements'.
src/components/interactive/walkable-environment.tsx(129,17): error TS2339: Property 'meshStandardMaterial' does not exist on type 'JSX.IntrinsicElements'.
src/components/interactive/walkable-environment.tsx(130,13): error TS2339: Property 'mesh' does not exist on type 'JSX.IntrinsicElements'.
src/components/interactive/walkable-environment.tsx(131,9): error TS2339: Property 'group' does not exist on type 'JSX.IntrinsicElements'.
src/components/interactive/walkable-environment.tsx(150,17): error TS2339: Property 'ambientLight' does not exist on type 'JSX.IntrinsicElements'.
src/components/interactive/walkable-environment.tsx(151,17): error TS2339: Property 'pointLight' does not exist on type 'JSX.IntrinsicElements'.
src/components/interactive/walkable-environment.tsx(155,17): error TS2339: Property 'mesh' does not exist on type 'JSX.IntrinsicElements'.
src/components/interactive/walkable-environment.tsx(156,21): error TS2339: Property 'planeGeometry' does not exist on type 'JSX.IntrinsicElements'.
src/components/interactive/walkable-environment.tsx(157,21): error TS2339: Property 'meshStandardMaterial' does not exist on type 'JSX.IntrinsicElements'.
src/components/interactive/walkable-environment.tsx(158,17): error TS2339: Property 'mesh' does not exist on type 'JSX.IntrinsicElements'.
src/components/interactive/walkable-environment.tsx(159,17): error TS2339: Property 'gridHelper' does not exist on type 'JSX.IntrinsicElements'.
src/components/tools/sound-board.tsx(9,24): error TS2307: Cannot find module '@/components/ui/slider' or its corresponding type declarations.
src/components/tools/sound-board.tsx(188,32): error TS7006: Parameter 'v' implicitly has an 'any' type.
